2026-05-06 20:51:12,903 INFO o.a.j.u.JMeterUtils: Setting Locale to en_EN
2026-05-06 20:51:12,917 INFO o.a.j.JMeter: Loading user properties from: D:\apache-jmeter-5.6.3\bin\user.properties
2026-05-06 20:51:12,917 INFO o.a.j.JMeter: Loading system properties from: D:\apache-jmeter-5.6.3\bin\system.properties
2026-05-06 20:51:12,923 INFO o.a.j.JMeter: Copyright (c) 1998-2024 The Apache Software Foundation
2026-05-06 20:51:12,923 INFO o.a.j.JMeter: Version 5.6.3
2026-05-06 20:51:12,923 INFO o.a.j.JMeter: java.version=17.0.12
2026-05-06 20:51:12,923 INFO o.a.j.JMeter: java.vm.name=Java HotSpot(TM) 64-Bit Server VM
2026-05-06 20:51:12,923 INFO o.a.j.JMeter: os.name=Windows 11
2026-05-06 20:51:12,923 INFO o.a.j.JMeter: os.arch=amd64
2026-05-06 20:51:12,923 INFO o.a.j.JMeter: os.version=10.0
2026-05-06 20:51:12,923 INFO o.a.j.JMeter: file.encoding=GBK
2026-05-06 20:51:12,923 INFO o.a.j.JMeter: java.awt.headless=true
2026-05-06 20:51:12,924 INFO o.a.j.JMeter: Max memory     =1073741824
2026-05-06 20:51:12,924 INFO o.a.j.JMeter: Available Processors =20
2026-05-06 20:51:12,934 INFO o.a.j.JMeter: Default Locale=English (EN)
2026-05-06 20:51:12,934 INFO o.a.j.JMeter: JMeter  Locale=English (EN)
2026-05-06 20:51:12,934 INFO o.a.j.JMeter: JMeterHome=D:\apache-jmeter-5.6.3
2026-05-06 20:51:12,934 INFO o.a.j.JMeter: user.dir  =D:\code\GoFiles\AIGateway
2026-05-06 20:51:12,934 INFO o.a.j.JMeter: PWD       =D:\code\GoFiles\AIGateway
2026-05-06 20:51:12,936 INFO o.a.j.JMeter: IP: 10.103.33.12 Name: DESKTOP-ODABH49 FullName: DESKTOP-ODABH49
2026-05-06 20:51:12,943 INFO o.a.j.JMeter: Setting property 'jmeter.reportgenerator.outputdir' to:'d:\code\GoFiles\AIGateway\target\health_load_report_2'
2026-05-06 20:51:12,946 INFO o.a.j.s.FileServer: Default base='D:\code\GoFiles\AIGateway'
2026-05-06 20:51:12,946 INFO o.a.j.s.FileServer: Set new base='d:\code\GoFiles\AIGateway\target'202026-05-06 20:51:13,099 INFO o.a.j.s.SaveService: Testplan (JMX) version: 2.2. Testlog (JTL) version: 2.2
2026-05-06 20:51:13,115 INFO o.a.j.s.SaveService: Using SaveService properties version 5.0
2026-05-06 20:51:13,117 INFO o.a.j.s.SaveService: Using SaveService properties file encoding UTF-8
2026-05-06 20:51:13,120 INFO o.a.j.s.SaveService: Loading file: d:\code\GoFiles\AIGateway\target\health_load_test.jmx
2026-05-06 20:51:13,153 INFO o.a.j.p.h.s.HTTPSamplerBase: Parser for text/html is org.apache.jmeter.protocol.http.parser.LagartoBasedHtmlParser
2026-05-06 20:51:13,153 INFO o.a.j.p.h.s.HTTPSamplerBase: Parser for application/xhtml+xml is org.apache.jmeter.protocol.http.parser.LagartoBasedHtmlParser
2026-05-06 20:51:13,153 INFO o.a.j.p.h.s.HTTPSamplerBase: Parser for application/xml is org.apache.jmeter.protocol.http.parser.LagartoBasedHtmlParser
2026-05-06 20:51:13,153 INFO o.a.j.p.h.s.HTTPSamplerBase: Parser for text/xml is org.apache.jmeter.protocol.http.parser.LagartoBasedHtmlParser
2026-05-06 20:51:13,153 INFO o.a.j.p.h.s.HTTPSamplerBase: Parser for text/vnd.wap.wml is org.apache.jmeter.protocol.http.parser.RegexpHTMLParser
2026-05-06 20:51:13,153 INFO o.a.j.p.h.s.HTTPSamplerBase: Parser for text/css is org.apache.jmeter.protocol.http.parser.CssParser
2026-05-06 20:51:13,156 INFO o.a.j.JMeter: Creating summariser <summary>
2026-05-06 20:51:13,162 INFO o.a.j.r.d.ReportGenerator: ReportGenerator will use for Parsing the separator: ','
2026-05-06 20:51:13,162 INFO o.a.j.r.d.ReportGenerator: Will generate report at end of test from  results file: d:\code\GoFiles\AIGateway\target\health_load_result_2.jtl
2026-05-06 20:51:13,162 INFO o.a.j.r.d.ReportGenerator: Reading report generator properties from: D:\apache-jmeter-5.6.3\bin\reportgenerator.properties
2026-05-06 20:51:13,162 INFO o.a.j.r.d.ReportGenerator: Merging with JMeter properties
2026-05-06 20:51:13,165 INFO o.a.j.r.c.ReportGeneratorConfiguration: Property 'jmeter.reportgenerator.temp_dir' not found, using default value 'temp' instead.
2026-05-06 20:51:13,167 INFO o.a.j.r.c.ReportGeneratorConfiguration: Property 'jmeter.reportgenerator.apdex_per_transaction' not found, using default value 'null' instead.
2026-05-06 20:51:13,167 INFO o.a.j.r.c.ReportGeneratorConfiguration: apdex_per_transaction is empty, not APDEX per transaction customization
2026-05-06 20:51:13,167 INFO o.a.j.r.c.ReportGeneratorConfiguration: Property 'jmeter.reportgenerator.sample_filter' not found, using default value 'null' instead.
2026-05-06 20:51:13,167 INFO o.a.j.r.c.ReportGeneratorConfiguration: Property 'jmeter.reportgenerator.report_title' not found, using default value 'null' instead.
2026-05-06 20:51:13,167 INFO o.a.j.r.c.ReportGeneratorConfiguration: Property 'jmeter.reportgenerator.start_date' not found, using default value 'null' instead.
2026-05-06 20:51:13,167 INFO o.a.j.r.c.ReportGeneratorConfiguration: Property 'jmeter.reportgenerator.end_date' not found, using default value 'null' instead.
2026-05-06 20:51:13,167 INFO o.a.j.r.c.ReportGeneratorConfiguration: Property 'jmeter.reportgenerator.date_format' not found, using default value 'null' instead.
2026-05-06 20:51:13,167 INFO o.a.j.r.c.ReportGeneratorConfiguration: Will use date range start date: null, end date: null
2026-05-06 20:51:13,170 INFO o.a.j.r.c.ReportGeneratorConfiguration: Property 'jmeter.reportgenerator.graph.totalTPS.exclude_controllers' not found, using default value 'false' instead.
2026-05-06 20:51:13,170 INFO o.a.j.r.c.ReportGeneratorConfiguration: Property 'jmeter.reportgenerator.graph.activeThreadsOverTime.exclude_controllers' not found, using default value 'false' instead.
2026-05-06 20:51:13,171 INFO o.a.j.r.c.ReportGeneratorConfiguration: Property 'jmeter.reportgenerator.graph.timeVsThreads.exclude_controllers' not found, using default value 'false' instead.
2026-05-06 20:51:13,171 INFO o.a.j.r.c.ReportGeneratorConfiguration: Property 'jmeter.reportgenerator.graph.responseTimeDistribution.exclude_controllers' not found, using default value 'false' instead.
2026-05-06 20:51:13,171 INFO o.a.j.r.c.ReportGeneratorConfiguration: Property 'jmeter.reportgenerator.graph.transactionsPerSecond.exclude_controllers' not found, using default value 'false' instead.
2026-05-06 20:51:13,171 INFO o.a.j.r.c.ReportGeneratorConfiguration: Property 'jmeter.reportgenerator.graph.responseTimePercentiles.exclude_controllers' not found, using default value 'false' instead.
2026-05-06 20:51:13,171 INFO o.a.j.r.c.ReportGeneratorConfiguration: Property 'jmeter.reportgenerator.graph.responseTimePercentilesOverTime.exclude_controllers' not found, using default value 'false' instead.
2026-05-06 20:51:13,171 INFO o.a.j.r.c.ReportGeneratorConfiguration: Property 'jmeter.reportgenerator.graph.responseTimesOverTime.exclude_controllers' not found, using default value 'false' instead.
2026-05-06 20:51:13,171 INFO o.a.j.r.c.ReportGeneratorConfiguration: Property 'jmeter.reportgenerator.graph.connectTimeOverTime.exclude_controllers' not found, using default value 'false' instead.
2026-05-06 20:51:13,171 INFO o.a.j.r.c.ReportGeneratorConfiguration: Property 'jmeter.reportgenerator.graph.latenciesOverTime.exclude_controllers' not found, using default value 'false' instead.
2026-05-06 20:51:13,172 INFO o.a.j.r.c.ReportGeneratorConfiguration: Property 'jmeter.reportgenerator.exporter.json.filters_only_sample_series' not found, using default value 'true' instead.
2026-05-06 20:51:13,172 INFO o.a.j.r.c.ReportGeneratorConfiguration: Property 'jmeter.reportgenerator.exporter.json.series_filter' not found, using default value '' instead.
2026-05-06 20:51:13,172 INFO o.a.j.r.c.ReportGeneratorConfiguration: Property 'jmeter.reportgenerator.exporter.json.show_controllers_only' not found, using default value 'false' instead.
2026-05-06 20:51:13,172 INFO o.a.j.r.c.ReportGeneratorConfiguration: Property 'jmeter.reportgenerator.exporter.html.filters_only_sample_series' not found, using default value 'true' instead.
2026-05-06 20:51:13,172 INFO o.a.j.r.c.ReportGeneratorConfiguration: Property 'jmeter.reportgenerator.exporter.html.series_filter' not found, using default value '' instead.
2026-05-06 20:51:13,172 INFO o.a.j.r.c.ReportGeneratorConfiguration: Property 'jmeter.reportgenerator.exporter.html.show_controllers_only' not found, using default value 'false' instead.
2026-05-06 20:51:13,184 INFO o.a.j.e.StandardJMeterEngine: Running the test!
2026-05-06 20:51:13,184 INFO o.a.j.s.SampleEvent: List of sample_variables: []
2026-05-06 20:51:13,184 INFO o.a.j.s.SampleEvent: List of sample_variables: []
2026-05-06 20:51:13,186 INFO o.a.j.e.u.CompoundVariable: Note: Function class names must contain the string: '.functions.'
2026-05-06 20:51:13,186 INFO o.a.j.e.u.CompoundVariable: Note: Function class names must not contain the string: '.gui.'
2026-05-06 20:51:13,231 INFO o.a.j.JMeter: Running test (1778071873231)
2026-05-06 20:51:13,239 INFO o.a.j.e.StandardJMeterEngine: Starting ThreadGroup: 1 : Health TG
2026-05-06 20:51:13,240 INFO o.a.j.e.StandardJMeterEngine: Starting 30 threads for group Health TG.
2026-05-06 20:51:13,240 INFO o.a.j.e.StandardJMeterEngine: Thread will continue on error
2026-05-06 20:51:13,240 INFO o.a.j.t.ThreadGroup: Starting thread group... number=1 threads=30 ramp-up=10 delayedStart=false
2026-05-06 20:51:13,245 INFO o.a.j.t.JMeterThread: Thread started: Health TG 1-1
2026-05-06 20:51:13,252 INFO o.a.j.t.ThreadGroup: Started thread group number 1
2026-05-06 20:51:13,252 INFO o.a.j.e.StandardJMeterEngine: All thread groups have been started
2026-05-06 20:51:13,257 INFO o.a.j.p.h.s.HTTPHCAbstractImpl: Local host = DESKTOP-ODABH49
2026-05-06 20:51:13,260 INFO o.a.j.p.h.s.HTTPHC4Impl: HTTP request retry count = 0
2026-05-06 20:51:13,260 INFO o.a.j.s.SampleResult: Note: Sample TimeStamps are START times
2026-05-06 20:51:13,260 INFO o.a.j.s.SampleResult: sampleresult.default.encoding is set to UTF-8
2026-05-06 20:51:13,260 INFO o.a.j.s.SampleResult: sampleresult.useNanoTime=true
2026-05-06 20:51:13,260 INFO o.a.j.s.SampleResult: sampleresult.nanoThreadSleep=5000
2026-05-06 20:51:13,578 INFO o.a.j.t.JMeterThread: Thread started: Health TG 1-2
2026-05-06 20:51:13,910 INFO o.a.j.t.JMeterThread: Thread started: Health TG 1-3
2026-05-06 20:51:14,243 INFO o.a.j.t.JMeterThread: Thread started: Health TG 1-4
2026-05-06 20:51:14,575 INFO o.a.j.t.JMeterThread: Thread started: Health TG 1-5
2026-05-06 20:51:14,908 INFO o.a.j.t.JMeterThread: Thread started: Health TG 1-6
2026-05-06 20:51:15,240 INFO o.a.j.t.JMeterThread: Thread started: Health TG 1-7
2026-05-06 20:51:15,573 INFO o.a.j.t.JMeterThread: Thread started: Health TG 1-8
2026-05-06 20:51:15,905 INFO o.a.j.t.JMeterThread: Thread started: Health TG 1-9
2026-05-06 20:51:16,238 INFO o.a.j.t.JMeterThread: Thread started: Health TG 1-10
2026-05-06 20:51:16,582 INFO o.a.j.t.JMeterThread: Thread started: Health TG 1-11
2026-05-06 20:51:16,912 INFO o.a.j.t.JMeterThread: Thread started: Health TG 1-12
2026-05-06 20:51:17,250 INFO o.a.j.t.JMeterThread: Thread started: Health TG 1-13
2026-05-06 20:51:17,581 INFO o.a.j.t.JMeterThread: Thread started: Health TG 1-14
2026-05-06 20:51:17,905 INFO o.a.j.t.JMeterThread: Thread started: Health TG 1-15
2026-05-06 20:51:18,246 INFO o.a.j.t.JMeterThread: Thread started: Health TG 1-16
2026-05-06 20:51:18,572 INFO o.a.j.t.JMeterThread: Thread started: Health TG 1-17
2026-05-06 20:51:18,912 INFO o.a.j.t.JMeterThread: Thread started: Health TG 1-18
2026-05-06 20:51:19,043 INFO o.a.j.t.JMeterThread: Thread is done: Health TG 1-18
2026-05-06 20:51:19,043 INFO o.a.j.t.JMeterThread: Thread finished: Hea2026-05-06 20:51:19,191 INFO o.a.j.t.JMeterThread: Thread started: ChatCompletion TG 1-19
2026-05-06 20:51:19,309 INFO o.a.j.t.JMeterThread: Thread is done: ChatCompletion TG 1-19
2026-05-06 20:51:19,309 INFO o.a.j.t.JMeterThread: Thread finished: ChatCompletion TG 1-19
2026-05-06 20:51:19,516 INFO o.a.j.t.JMeterThread: Thread started: ChatCompletion TG 1-20
2026-05-06 20:51:19,567 INFO o.a.j.t.JMeterThread: Thread is done: ChatCompletion TG 1-20
2026-05-06 20:51:19,568 INFO o.a.j.t.JMeterThread: Thread finished: ChatCompletion TG 1-20
2026-05-06 20:51:19,855 INFO o.a.j.t.JMeterThread: Thread started: ChatCompletion TG 1-21
2026-05-06 20:51:19,929 INFO o.a.j.t.JMeterThread: Thread is done: ChatCompletion TG 1-21
2026-05-06 20:51:19,929 INFO o.a.j.t.JMeterThread: Thread finished: ChatCompletion TG 1-21
2026-05-06 20:51:20,179 INFO o.a.j.t.JMeterThread: Thread started: ChatCompletion TG 1-22
2026-05-06 20:51:20,236 INFO o.a.j.t.JMeterThread: Thread is done: ChatCompletion TG 1-22
2026-05-06 20:51:20,236 INFO o.a.j.t.JMeterThread: Thread finished: ChatCompletion TG 1-22
2026-05-06 20:51:20,520 INFO o.a.j.t.JMeterThread: Thread started: ChatCompletion TG 1-23
2026-05-06 20:51:20,603 INFO o.a.j.t.JMeterThread: Thread is done: ChatCompletion TG 1-23
2026-05-06 20:51:20,603 INFO o.a.j.t.JMeterThread: Thread finished: ChatCompletion TG 1-23
2026-05-06 20:51:20,847 INFO o.a.j.t.JMeterThread: Thread started: ChatCompletion TG 1-24
2026-05-06 20:51:20,920 INFO o.a.j.t.JMeterThread: Thread is done: ChatCompletion TG 1-24
2026-05-06 20:51:20,921 INFO o.a.j.t.JMeterThread: Thread finished: ChatCompletion TG 1-24
2026-05-06 20:51:21,174 INFO o.a.j.t.JMeterThread: Thread started: ChatCompletion TG 1-25
2026-05-06 20:51:21,248 INFO o.a.j.t.JMeterThread: Thread is done: ChatCompletion TG 1-25
2026-05-06 20:51:21,248 INFO o.a.j.t.JMeterThread: Thread finished: ChatCompletion TG 1-25
2026-05-06 20:51:21,519 INFO o.a.j.t.JMeterThread: Thread started: ChatCompletion TG 1-26
2026-05-06 20:51:21,560 INFO o.a.j.t.JMeterThread: Thread is done: ChatCompletion TG 1-26
2026-05-06 20:51:21,560 INFO o.a.j.t.JMeterThread: Thread finished: ChatCompletion TG 1-26
2026-05-06 20:51:21,849 INFO o.a.j.t.JMeterThread: Thread started: ChatCompletion TG 1-27
2026-05-06 20:51:21,912 INFO o.a.j.t.JMeterThread: Thread is done: ChatCompletion TG 1-27
2026-05-06 20:51:21,913 INFO o.a.j.t.JMeterThread: Thread finished: ChatCompletion TG 1-27
2026-05-06 20:51:22,188 INFO o.a.j.t.JMeterThread: Thread started: ChatCompletion TG 1-28
2026-05-06 20:51:22,253 INFO o.a.j.t.JMeterThread: Thread is done: ChatCompletion TG 1-28
2026-05-06 20:51:22,253 INFO o.a.j.t.JMeterThread: Thread finished: ChatCompletion TG 1-28
2026-05-06 20:51:22,514 INFO o.a.j.t.JMeterThread: Thread started: ChatCompletion TG 1-29
2026-05-06 20:51:22,559 INFO o.a.j.t.JMeterThread: Thread is done: ChatCompletion TG 1-29
2026-05-06 20:51:22,559 INFO o.a.j.t.JMeterThread: Thread finished: ChatCompletion TG 1-29
2026-05-06 20:51:22,839 INFO o.a.j.t.JMeterThread: Thread started: ChatCompletion TG 1-30
2026-05-06 20:51:22,858 INFO o.a.j.t.JMeterThread: Thread is done: ChatCompletion TG 1-8
2026-05-06 20:51:22,858 INFO o.a.j.t.JMeterThread: Thread finished: ChatCompletion TG 1-8
2026-05-06 20:51:22,888 INFO o.a.j.t.JMeterThread: Thread is done: ChatCompletion TG 1-30
2026-05-06 20:51:22,888 INFO o.a.j.t.JMeterThread: Thread finished: ChatCompletion TG 1-30
2026-05-06 20:51:27,305 INFO o.a.j.t.JMeterThread: Thread is done: ChatCompletion TG 1-17
2026-05-06 20:51:27,305 INFO o.a.j.t.JMeterThread: Thread finished: ChatCompletion TG 1-17
2026-05-06 20:51:28,420 INFO o.a.j.t.JMeterThread: Thread is done: ChatCompletion TG 1-7
2026-05-06 20:51:28,420 INFO o.a.j.t.JMeterThread: Thread finished: ChatCompletion TG 1-7
2026-05-06 20:51:29,315 INFO o.a.j.t.JMeterThread: Thread is done: ChatCompletion TG 1-12
2026-05-06 20:51:29,315 INFO o.a.j.t.JMeterThread: Thread finished: ChatCompletion TG 1-12
2026-05-06 20:51:30,001 INFO o.a.j.r.Summariser: summary +    337 in 00:00:17 =   20.0/s Avg:   161 Min:     1 Max: 13192 Err:   332 (98.52%) Active: 14 Started: 30 Finished: 16
2026-05-06 20:51:30,010 INFO o.a.j.t.JMeterThread: Thread is done: ChatCompletion TG 1-16
2026-05-06 20:51:30,010 INFO o.a.j.t.JMeterThread: Thread finished: ChatCompletion TG 1-16
2026-05-06 20:51:30,340 INFO o.a.j.t.JMeterThread: Thread is done: ChatCompletion TG 1-5
2026-05-06 20:51:30,340 INFO o.a.j.t.JMeterThread: Thread finished: ChatCompletion TG 1-5
2026-05-06 20:51:30,691 INFO o.a.j.t.JMeterThread: Thread is done: ChatCompletion TG 1-2
2026-05-06 20:51:30,691 INFO o.a.j.t.JMeterThread: Thread finished: ChatCompletion TG 1-2
2026-05-06 20:51:31,849 INFO o.a.j.t.JMeterThread: Thread is done: ChatCompletion TG 1-11
2026-05-06 20:51:31,849 INFO o.a.j.t.JMeterThread: Thread finished: ChatCompletion TG 1-11
2026-05-06 20:51:32,630 INFO o.a.j.t.JMeterThread: Thread is done: ChatCompletion TG 1-10
2026-05-06 20:51:32,630 INFO o.a.j.t.JMeterThread: Thread finished: ChatCompletion TG 1-10
2026-05-06 20:51:32,636 INFO o.a.j.t.JMeterThread: Thread is done: ChatCompletion TG 1-13
2026-05-06 20:51:32,636 INFO o.a.j.t.JMeterThread: Thread finished: ChatCompletion TG 1-13
2026-05-06 20:51:33,232 INFO o.a.j.t.JMeterThread: Thread is done: ChatCompletion TG 1-6
2026-05-06 20:51:33,232 INFO o.a.j.t.JMeterThread: Thread finished: ChatCompletion TG 1-6
2026-05-06 20:51:33,520 INFO o.a.j.t.JMeterThread: Thread is done: ChatCompletion TG 1-14
2026-05-06 20:51:33,520 INFO o.a.j.t.JMeterThread: Thread finished: ChatCompletion TG 1-14
2026-05-06 20:51:33,521 INFO o.a.j.t.JMeterThread: Thread is done: ChatCompletion TG 1-9
2026-05-06 20:51:33,521 INFO o.a.j.t.JMeterThread: Thread finished: ChatCompletion TG 1-9
2026-05-06 20:51:34,242 INFO o.a.j.t.JMeterThread: Thread is done: ChatCompletion TG 1-4
2026-05-06 20:51:34,242 INFO o.a.j.t.JMeterThread: Thread finished: ChatCompletion TG 1-4
2026-05-06 20:51:34,623 INFO o.a.j.t.JMeterThread: Thread is done: ChatCompletion TG 1-15
2026-05-06 20:51:34,623 INFO o.a.j.t.JMeterThread: Thread finished: ChatCompletion TG 1-15
2026-05-06 20:51:34,892 INFO o.a.j.t.JMeterThread: Thread is done: ChatCompletion TG 1-3
2026-05-06 20:51:34,892 INFO o.a.j.t.JMeterThread: Thread finished: ChatCompletion TG 1-3
2026-05-06 20:51:42,096 INFO o.a.j.t.JMeterThread: Thread is done: ChatCompletion TG 1-1
2026-05-06 20:51:42,096 INFO o.a.j.t.JMeterThread: Thread finished: ChatCompletion TG 1-1
2026-05-06 20:51:45,644 INFO o.a.j.t.JMeterThread: Thread is done: ChatCompletion TG 1-18
2026-05-06 20:51:45,644 INFO o.a.j.t.JMeterThread: Thread finished: ChatCompletion TG 1-18
2026-05-06 20:51:45,645 INFO o.a.j.e.StandardJMeterEngine: Notifying test listeners of end of test
2026-05-06 20:51:45,645 INFO o.a.j.r.Summariser: summary +    263 in 00:00:16 =   16.8/s Avg:   934 Min:     1 Max: 28805 Err:   250 (95.06%) Active: 0 Started: 30 Finished: 30
2026-05-06 20:51:45,646 INFO o.a.j.r.Summariser: summary =    600 in 00:00:32 =   18.5/s Avg:   500 Min:     1 Max: 28805 Err:   582 (97.00%)
2026-05-06 20:51:45,646 INFO o.a.j.JMeter: Generating Dashboard
2026-05-06 20:51:45,646 INFO o.a.j.r.d.ReportGenerator: Flushing result collector before report Generation
2026-05-06 20:51:45,655 INFO o.a.j.r.p.NormalizerSampleConsumer: Using format, 'ms', to parse timeStamp field
2026-05-06 20:51:45,855 INFO o.a.j.r.p.AbstractSampleConsumer: class org.apache.jmeter.report.processor.AggregateConsumer#stopProducing(): beginDate produced 0 samples
2026-05-06 20:51:45,855 INFO o.a.j.r.p.AbstractSampleConsumer: class org.apache.jmeter.report.processor.AggregateConsumer#stopProducing(): endDate produced 0 samples
2026-05-06 20:51:45,868 INFO o.a.j.r.p.AbstractSampleConsumer: class org.apache.jmeter.report.processor.ApdexSummaryConsumer#stopProducing(): apdexSummary produced 0 samples
2026-05-06 20:51:45,868 INFO o.a.j.r.p.AbstractSampleConsumer: class org.apache.jmeter.report.processor.RequestsSummaryConsumer#stopProducing(): requestsSummary produced 0 samples
2026-05-06 20:51:45,884 INFO o.a.j.r.p.AbstractSampleConsumer: class org.apache.jmeter.report.processor.StatisticsSummaryConsumer#stopProducing(): statisticsSummary produced 0 samples
2026-05-06 20:51:45,889 INFO o.a.j.r.p.AbstractSampleConsumer: class org.apache.jmeter.report.processor.Top5ErrorsBySamplerConsumer#stopProducing(): top5ErrorsBySampler produced 0 samples
2026-05-06 20:51:45,889 INFO o.a.j.r.p.AbstractSampleConsumer: class org.apache.jmeter.report.processor.ErrorsSummaryConsumer#stopProducing(): errorsSummary produced 0 samples
2026-05-06 20:51:45,889 INFO o.a.j.r.p.AbstractSampleConsumer: class org.apache.jmeter.report.processor.graph.impl.HitsPerSecondGraphConsumer#stopProducing(): hitsPerSecond produced 0 samples
2026-05-06 20:51:45,924 INFO o.a.j.r.p.AbstractSampleConsumer: class org.apache.jmeter.report.processor.graph.impl.LatencyVSRequestGraphConsumer#stopProducing(): latencyVsRequest produced 0 samples
2026-05-06 20:51:45,924 INFO o.a.j.r.p.AbstractSampleConsumer: class org.apache.jmeter.report.processor.graph.impl.SyntheticResponseTimeDistributionGraphConsumer#stopProducing(): syntheticResponseTimeDistribution produced 0 samples
2026-05-06 20:51:45,925 INFO o.a.j.r.p.AbstractSampleConsumer: class org.apache.jmeter.report.processor.graph.impl.BytesThroughputGraphConsumer#stopProducing(): bytesThroughputOverTime produced 0 samples
2026-05-06 20:51:45,925 INFO o.a.j.r.p.AbstractSampleConsumer: class org.apache.jmeter.report.processor.graph.impl.CodesPerSecondGraphConsumer#stopProducing(): codesPerSecond produced 0 samples
2026-05-06 20:51:45,934 INFO o.a.j.r.p.AbstractSampleConsumer: class org.apache.jmeter.report.processor.graph.impl.ResponseTimeVSRequestGraphConsumer#stopProducing(): responseTimeVsRequest produced 0 samples
2026-05-06 20:51:45,934 INFO o.a.j.r.p.AbstractSampleConsumer: class org.apache.jmeter.report.processor.FilterConsumer#stopProducing(): startIntervalControlerFilter produced 4200 samples
2026-05-06 20:51:45,934 INFO o.a.j.r.p.AbstractSampleConsumer: class org.apache.jmeter.report.processor.graph.impl.TotalTPSGraphConsumer#stopProducing(): totalTPS produced 0 samples
2026-05-06 20:51:45,934 INFO o.a.j.r.p.AbstractSampleConsumer: class org.apache.jmeter.report.processor.graph.impl.ActiveThreadsGraphConsumer#stopProducing(): activeThreadsOverTime produced 0 samples
2026-05-06 20:51:45,934 INFO o.a.j.r.p.AbstractSampleConsumer: class org.apache.jmeter.report.processor.graph.impl.TimeVSThreadGraphConsumer#stopProducing(): timeVsThreads produced 0 samples
2026-05-06 20:51:45,936 INFO o.a.j.r.p.AbstractSampleConsumer: class org.apache.jmeter.report.processor.graph.impl.ResponseTimeDistributionGraphConsumer#stopProducing(): responseTimeDistribution produced 0 samples
2026-05-06 20:51:45,936 INFO o.a.j.r.p.AbstractSampleConsumer: class org.apache.jmeter.report.processor.graph.impl.TransactionsPerSecondGraphConsumer#stopProducing(): transactionsPerSecond produced 0 samples
2026-05-06 20:51:45,936 INFO o.a.j.r.p.AbstractSampleConsumer: class org.apache.jmeter.report.processor.graph.impl.ResponseTimePercentilesGraphConsumer#stopProducing(): responseTimePercentiles produced 0 samples
2026-05-06 20:51:45,936 INFO o.a.j.r.p.AbstractSampleConsumer: class org.apache.jmeter.report.processor.graph.impl.ResponseTimePercentilesOverTimeGraphConsumer#stopProducing(): responseTimePercentilesOverTime produced 0 samples
2026-05-06 20:51:45,936 INFO o.a.j.r.p.AbstractSampleConsumer: class org.apache.jmeter.report.processor.graph.impl.ResponseTimeOverTimeGraphConsumer#stopProducing(): responseTimesOverTime produced 0 samples
2026-05-06 20:51:45,936 INFO o.a.j.r.p.AbstractSampleConsumer: class org.apache.jmeter.report.processor.graph.impl.ConnectTimeOverTimeGraphConsumer#stopProducing(): connectTimeOverTime produced 0 samples
2026-05-06 20:51:45,936 INFO o.a.j.r.p.AbstractSampleConsumer: class org.apache.jmeter.report.processor.graph.impl.LatencyOverTimeGraphConsumer#stopProducing(): latenciesOverTime produced 0 samples
2026-05-06 20:51:45,936 INFO o.a.j.r.p.AbstractSampleConsumer: class org.apache.jmeter.report.processor.FilterConsumer#stopProducing(): nameFilter produced 9000 samples
2026-05-06 20:51:45,936 INFO o.a.j.r.p.AbstractSampleConsumer: class org.apache.jmeter.report.processor.FilterConsumer#stopProducing(): dateRangeFilter produced 1800 samples
2026-05-06 20:51:45,936 INFO o.a.j.r.p.AbstractSampleConsumer: class org.apache.jmeter.report.processor.NormalizerSampleConsumer#stopProducing(): normalizer produced 600 samples
2026-05-06 20:51:45,939 INFO o.a.j.r.p.CsvFileSampleSource: produce(): 600 samples produced in 261ms on channel 0
2026-05-06 20:51:45,939 INFO o.a.j.r.d.ReportGenerator: Exporting data using exporter:'json' of className:'org.apache.jmeter.report.dashboard.JsonExporter'
2026-05-06 20:51:46,034 INFO o.a.j.r.d.JsonExporter: Found data for consumer statisticsSummary?in context
2026-05-06 20:51:46,034 INFO o.a.j.r.d.JsonExporter: Creating statistics for overall
2026-05-06 20:51:46,036 INFO o.a.j.r.d.JsonExporter: Creating statistics for other transactions
2026-05-06 20:51:46,036 INFO o.a.j.r.d.JsonExporter: Checking output folder
2026-05-06 20:51:46,037 INFO o.a.j.r.d.JsonExporter: Writing statistics JSON to d:\code\GoFiles\AIGateway\target\chat_load_report_2\statistics.json
2026-05-06 20:51:46,086 INFO o.a.j.r.d.ReportGenerator: Exporting data using exporter:'html' of className:'org.apache.jmeter.report.dashboard.HtmlTemplateExporter'
2026-05-06 20:51:46,089 INFO o.a.j.r.d.HtmlTemplateExporter: Will generate dashboard in folder: d:\code\GoFiles\AIGateway\target\chat_load_report_2
2026-05-06 20:51:46,212 INFO o.a.j.r.d.HtmlTemplateExporter: Report will be generated in: d:\code\GoFiles\AIGateway\target\chat_load_report_2, creating folder structure
2026-05-06 20:51:46,214 INFO o.a.j.r.d.TemplateVisitor: Copying folder from 'D:\apache-jmeter-5.6.3\bin\report-template' to 'd:\code\GoFiles\AIGateway\target\chat_load_report_2', got message: d:\code\GoFiles\AIGateway\target\chat_load_report_2, found non empty folder with following content [d:\code\GoFiles\AIGateway\target\chat_load_report_2\statistics.json], will be ignored
2026-05-06 20:51:46,516 INFO o.a.j.JMeter: Dashboard generated
